dataset/UKhousing/richmond-upon-thames.csv
"Name","URI","Region GSS code","Period","Sales volume","Reporting period","Average price All property types","Average price Detached houses","Average price Semi-detached houses","Average price Terraced houses","Average price Flats and maisonettes","Pivotable date"
Richmond upon Thames,http://landregistry.data.gov.uk/id/region/richmond-upon-thames,E09000027,2004-01,408,monthly,302973,606267,406675,313192,233381,2004-01-01
Richmond upon Thames,http://landregistry.data.gov.uk/id/region/richmond-upon-thames,E09000027,2004-02,328,monthly,306591,614884,411779,316653,236219,2004-02-01
Richmond upon Thames,http://landregistry.data.gov.uk/id/region/richmond-upon-thames,E09000027,2004-03,347,monthly,308336,619244,413546,319173,237166,2004-03-01
Richmond upon Thames,http://landregistry.data.gov.uk/id/region/richmond-upon-thames,E09000027,2004-04,487,monthly,313674,624018,419847,326295,240878,2004-04-01
Richmond upon Thames,http://landregistry.data.gov.uk/id/region/richmond-upon-thames,E09000027,2004-05,450,monthly,312684,612650,416673,326503,240421,2004-05-01
Richmond upon Thames,http://landregistry.data.gov.uk/id/region/richmond-upon-thames,E09000027,2004-06,493,monthly,320264,623906,426742,334133,246645,2004-06-01
Richmond upon Thames,http://landregistry.data.gov.uk/id/region/richmond-upon-thames,E09000027,2004-07,551,monthly,324732,633409,433752,338855,249716,2004-07-01
Richmond upon Thames,http://landregistry.data.gov.uk/id/region/richmond-upon-thames,E09000027,2004-08,472,monthly,329563,648937,441452,343882,252736,2004-08-01
Richmond upon Thames,http://landregistry.data.gov.uk/id/region/richmond-upon-thames,E09000027,2004-09,379,monthly,327566,649476,440271,341716,250581,2004-09-01
Richmond upon Thames,http://landregistry.data.gov.uk/id/region/richmond-upon-thames,E09000027,2004-10,363,monthly,320810,634867,429229,333873,246499,2004-10-01
Richmond upon Thames,http://landregistry.data.gov.uk/id/region/richmond-upon-thames,E09000027,2004-11,330,monthly,317197,625602,423687,329530,244394,2004-11-01
Richmond upon Thames,http://landregistry.data.gov.uk/id/region/richmond-upon-thames,E09000027,2004-12,303,monthly,314102,615184,417766,326290,242773,2004-12-01
Richmond upon Thames,http://landregistry.data.gov.uk/id/region/richmond-upon-thames,E09000027,2005-01,267,monthly,316809,620678,421133,330062,244335,2005-01-01
Richmond upon Thames,http://landregistry.data.gov.uk/id/region/richmond-upon-thames,E09000027,2005-02,227,monthly,314194,618031,419220,327341,241693,2005-02-01
Richmond upon Thames,http://landregistry.data.gov.uk/id/region/richmond-upon-thames,E09000027,2005-03,257,monthly,317435,625466,424161,331652,243392,2005-03-01
Richmond upon Thames,http://landregistry.data.gov.uk/id/region/richmond-upon-thames,E09000027,2005-04,326,monthly,320604,629939,429177,335170,245569,2005-04-01
Richmond upon Thames,http://landregistry.data.gov.uk/id/region/richmond-upon-thames,E09000027,2005-05,302,monthly,328421,641265,437654,344148,251921,2005-05-01
Richmond upon Thames,http://landregistry.data.gov.uk/id/region/richmond-upon-thames,E09000027,2005-06,383,monthly,331299,644201,440821,348307,253809,2005-06-01
Richmond upon Thames,http://landregistry.data.gov.uk/id/region/richmond-upon-thames,E09000027,2005-07,463,monthly,330099,643513,440121,347041,252519,2005-07-01
Richmond upon Thames,http://landregistry.data.gov.uk/id/region/richmond-upon-thames,E09000027,2005-08,436,monthly,325284,636642,434092,342462,248262,2005-08-01
Richmond upon Thames,http://landregistry.data.gov.uk/id/region/richmond-upon-thames,E09000027,2005-09,406,monthly,322138,635594,431473,338381,245523,2005-09-01
Richmond upon Thames,http://landregistry.data.gov.uk/id/region/richmond-upon-thames,E09000027,2005-10,397,monthly,323562,637611,432220,339375,247316,2005-10-01
Richmond upon Thames,http://landregistry.data.gov.uk/id/region/richmond-upon-thames,E09000027,2005-11,374,monthly,326104,640956,435925,341651,249506,2005-11-01
Richmond upon Thames,http://landregistry.data.gov.uk/id/region/richmond-upon-thames,E09000027,2005-12,416,monthly,327478,638074,435744,343004,251581,2005-12-01
Richmond upon Thames,http://landregistry.data.gov.uk/id/region/richmond-upon-thames,E09000027,2006-01,365,monthly,330499,645790,440113,347350,252967,2006-01-01
Richmond upon Thames,http://landregistry.data.gov.uk/id/region/richmond-upon-thames,E09000027,2006-02,319,monthly,331927,647760,441623,349061,254045,2006-02-01
Richmond upon Thames,http://landregistry.data.gov.uk/id/region/richmond-upon-thames,E09000027,2006-03,373,monthly,335319,659456,448046,352908,255543,2006-03-01
Richmond upon Thames,http://landregistry.data.gov.uk/id/region/richmond-upon-thames,E09000027,2006-04,402,monthly,339898,664836,453386,358728,258881,2006-04-01
Richmond upon Thames,http://landregistry.data.gov.uk/id/region/richmond-upon-thames,E09000027,2006-05,400,monthly,342562,671304,457376,361807,260562,2006-05-01
Richmond upon Thames,http://landregistry.data.gov.uk/id/region/richmond-upon-thames,E09000027,2006-06,558,monthly,345831,676964,461706,365734,262827,2006-06-01
Richmond upon Thames,http://landregistry.data.gov.uk/id/region/richmond-upon-thames,E09000027,2006-07,511,monthly,347123,680830,464701,367581,263114,2006-07-01
Richmond upon Thames,http://landregistry.data.gov.uk/id/region/richmond-upon-thames,E09000027,2006-08,557,monthly,353711,693253,473477,376189,267215,2006-08-01
Richmond upon Thames,http://landregistry.data.gov.uk/id/region/richmond-upon-thames,E09000027,2006-09,498,monthly,359347,705648,481419,383150,270740,2006-09-01
Richmond upon Thames,http://landregistry.data.gov.uk/id/region/richmond-upon-thames,E09000027,2006-10,467,monthly,361508,711368,483770,384359,273055,2006-10-01
Richmond upon Thames,http://landregistry.data.gov.uk/id/region/richmond-upon-thames,E09000027,2006-11,420,monthly,364931,718456,488726,387588,275749,2006-11-01
Richmond upon Thames,http://landregistry.data.gov.uk/id/region/richmond-upon-thames,E09000027,2006-12,453,monthly,369305,726288,494070,391645,279573,2006-12-01
Richmond upon Thames,http://landregistry.data.gov.uk/id/region/richmond-upon-thames,E09000027,2007-01,387,monthly,375900,740784,503776,398837,284124,2007-01-01
Richmond upon Thames,http://landregistry.data.gov.uk/id/region/richmond-upon-thames,E09000027,2007-02,342,monthly,383529,758263,514093,405428,290553,2007-02-01
Richmond upon Thames,http://landregistry.data.gov.uk/id/region/richmond-upon-thames,E09000027,2007-03,378,monthly,387737,769228,520636,410291,293110,2007-03-01
Richmond upon Thames,http://landregistry.data.gov.uk/id/region/richmond-upon-thames,E09000027,2007-04,377,monthly,398047,787130,533579,422544,300543,2007-04-01
Richmond upon Thames,http://landregistry.data.gov.uk/id/region/richmond-upon-thames,E09000027,2007-05,400,monthly,402455,791558,538491,428923,303433,2007-05-01
Richmond upon Thames,http://landregistry.data.gov.uk/id/region/richmond-upon-thames,E09000027,2007-06,410,monthly,407292,800357,544851,433905,307244,2007-06-01
Richmond upon Thames,http://landregistry.data.gov.uk/id/region/richmond-upon-thames,E09000027,2007-07,504,monthly,417304,824249,559837,444954,313949,2007-07-01
Richmond upon Thames,http://landregistry.data.gov.uk/id/region/richmond-upon-thames,E09000027,2007-08,541,monthly,429700,852994,577546,460002,321759,2007-08-01
Richmond upon Thames,http://landregistry.data.gov.uk/id/region/richmond-upon-thames,E09000027,2007-09,382,monthly,430730,859482,580368,460678,322150,2007-09-01
Richmond upon Thames,http://landregistry.data.gov.uk/id/region/richmond-upon-thames,E09000027,2007-10,345,monthly,428431,855450,575636,457088,321422,2007-10-01
Richmond upon Thames,http://landregistry.data.gov.uk/id/region/richmond-upon-thames,E09000027,2007-11,339,monthly,427783,858728,575349,453637,322030,2007-11-01
Richmond upon Thames,http://landregistry.data.gov.uk/id/region/richmond-upon-thames,E09000027,2007-12,234,monthly,435685,869760,583673,462383,328634,2007-12-01
Richmond upon Thames,http://landregistry.data.gov.uk/id/region/richmond-upon-thames,E09000027,2008-01,254,monthly,430126,862809,577135,455931,324280,2008-01-01
Richmond upon Thames,http://landregistry.data.gov.uk/id/region/richmond-upon-thames,E09000027,2008-02,235,monthly,426086,855313,572607,452080,320753,2008-02-01
Richmond upon Thames,http://landregistry.data.gov.uk/id/region/richmond-upon-thames,E09000027,2008-03,186,monthly,422956,852019,570409,450151,317023,2008-03-01
Richmond upon Thames,http://landregistry.data.gov.uk/id/region/richmond-upon-thames,E09000027,2008-04,243,monthly,428110,862138,578381,457313,319817,2008-04-01
Richmond upon Thames,http://landregistry.data.gov.uk/id/region/richmond-upon-thames,E09000027,2008-05,262,monthly,427191,861657,577627,457785,318209,2008-05-01
Richmond upon Thames,http://landregistry.data.gov.uk/id/region/richmond-upon-thames,E09000027,2008-06,221,monthly,427990,865771,578962,458728,318568,2008-06-01
Richmond upon Thames,http://landregistry.data.gov.uk/id/region/richmond-upon-thames,E09000027,2008-07,268,monthly,426115,865067,577913,456273,316897,2008-07-01
Richmond upon Thames,http://landregistry.data.gov.uk/id/region/richmond-upon-thames,E09000027,2008-08,175,monthly,420440,855528,570341,449600,312845,2008-08-01
Richmond upon Thames,http://landregistry.data.gov.uk/id/region/richmond-upon-thames,E09000027,2008-09,151,monthly,405966,829394,550279,433879,302120,2008-09-01
Richmond upon Thames,http://landregistry.data.gov.uk/id/region/richmond-upon-thames,E09000027,2008-10,139,monthly,385048,782394,519547,412060,287046,2008-10-01
Richmond upon Thames,http://landregistry.data.gov.uk/id/region/richmond-upon-thames,E09000027,2008-11,113,monthly,360266,732595,485723,385901,268448,2008-11-01
Richmond upon Thames,http://landregistry.data.gov.uk/id/region/richmond-upon-thames,E09000027,2008-12,138,monthly,352375,715417,475328,377469,262562,2008-12-01
Richmond upon Thames,http://landregistry.data.gov.uk/id/region/richmond-upon-thames,E09000027,2009-01,110,monthly,352455,721735,475699,375717,263167,2009-01-01
Richmond upon Thames,http://landregistry.data.gov.uk/id/region/richmond-upon-thames,E09000027,2009-02,104,monthly,358995,729859,483847,381880,268902,2009-02-01
Richmond upon Thames,http://landregistry.data.gov.uk/id/region/richmond-upon-thames,E09000027,2009-03,128,monthly,356226,720933,479301,377879,267786,2009-03-01
Richmond upon Thames,http://landregistry.data.gov.uk/id/region/richmond-upon-thames,E09000027,2009-04,175,monthly,351764,700448,471610,375645,263965,2009-04-01
Richmond upon Thames,http://landregistry.data.gov.uk/id/region/richmond-upon-thames,E09000027,2009-05,159,monthly,351843,696467,470433,378104,263009,2009-05-01
Richmond upon Thames,http://landregistry.data.gov.uk/id/region/richmond-upon-thames,E09000027,2009-06,207,monthly,355781,701532,474985,384870,264520,2009-06-01
Richmond upon Thames,http://landregistry.data.gov.uk/id/region/richmond-upon-thames,E09000027,2009-07,277,monthly,362856,719181,486860,393223,268163,2009-07-01
Richmond upon Thames,http://landregistry.data.gov.uk/id/region/richmond-upon-thames,E09000027,2009-08,272,monthly,372389,745938,502764,402890,274063,2009-08-01
Richmond upon Thames,http://landregistry.data.gov.uk/id/region/richmond-upon-thames,E09000027,2009-09,275,monthly,380410,764757,515122,411770,279098,2009-09-01
Richmond upon Thames,http://landregistry.data.gov.uk/id/region/richmond-upon-thames,E09000027,2009-10,303,monthly,391209,790694,531118,422950,286630,2009-10-01
Richmond upon Thames,http://landregistry.data.gov.uk/id/region/richmond-upon-thames,E09000027,2009-11,267,monthly,395323,797348,534869,428904,289303,2009-11-01
Richmond upon Thames,http://landregistry.data.gov.uk/id/region/richmond-upon-thames,E09000027,2009-12,290,monthly,403432,812123,546036,438246,294889,2009-12-01
Richmond upon Thames,http://landregistry.data.gov.uk/id/region/richmond-upon-thames,E09000027,2010-01,213,monthly,411912,829016,558423,448707,299903,2010-01-01
Richmond upon Thames,http://landregistry.data.gov.uk/id/region/richmond-upon-thames,E09000027,2010-02,218,monthly,421222,850824,575058,459270,304911,2010-02-01
Richmond upon Thames,http://landregistry.data.gov.uk/id/region/richmond-upon-thames,E09000027,2010-03,228,monthly,424030,863074,579856,461862,306392,2010-03-01
Richmond upon Thames,http://landregistry.data.gov.uk/id/region/richmond-upon-thames,E09000027,2010-04,233,monthly,417128,847790,569606,454614,301540,2010-04-01
Richmond upon Thames,http://landregistry.data.gov.uk/id/region/richmond-upon-thames,E09000027,2010-05,263,monthly,413234,837521,562041,449751,299874,2010-05-01
Richmond upon Thames,http://landregistry.data.gov.uk/id/region/richmond-upon-thames,E09000027,2010-06,314,monthly,415708,840785,565707,453495,301035,2010-06-01
Richmond upon Thames,http://landregistry.data.gov.uk/id/region/richmond-upon-thames,E09000027,2010-07,360,monthly,419732,855856,571668,459434,302473,2010-07-01
Richmond upon Thames,http://landregistry.data.gov.uk/id/region/richmond-upon-thames,E09000027,2010-08,303,monthly,422722,861857,577301,464696,302978,2010-08-01
Richmond upon Thames,http://landregistry.data.gov.uk/id/region/richmond-upon-thames,E09000027,2010-09,294,monthly,426091,874502,583324,469101,304235,2010-09-01
Richmond upon Thames,http://landregistry.data.gov.uk/id/region/richmond-upon-thames,E09000027,2010-10,277,monthly,423661,867183,580761,465752,302828,2010-10-01
Richmond upon Thames,http://landregistry.data.gov.uk/id/region/richmond-upon-thames,E09000027,2010-11,242,monthly,421437,866129,577066,462072,301966,2010-11-01
Richmond upon Thames,http://landregistry.data.gov.uk/id/region/richmond-upon-thames,E09000027,2010-12,243,monthly,424126,871290,581706,464121,304195,2010-12-01
Richmond upon Thames,http://landregistry.data.gov.uk/id/region/richmond-upon-thames,E09000027,2011-01,233,monthly,429859,892628,591475,469437,307826,2011-01-01
Richmond upon Thames,http://landregistry.data.gov.uk/id/region/richmond-upon-thames,E09000027,2011-02,187,monthly,433669,912432,598912,472641,309857,2011-02-01
Richmond upon Thames,http://landregistry.data.gov.uk/id/region/richmond-upon-thames,E09000027,2011-03,231,monthly,425867,907255,588357,464380,303450,2011-03-01
Richmond upon Thames,http://landregistry.data.gov.uk/id/region/richmond-upon-thames,E09000027,2011-04,248,monthly,426903,907201,588289,466070,304418,2011-04-01
Richmond upon Thames,http://landregistry.data.gov.uk/id/region/richmond-upon-thames,E09000027,2011-05,193,monthly,428183,893054,586156,468835,306649,2011-05-01
Richmond upon Thames,http://landregistry.data.gov.uk/id/region/richmond-upon-thames,E09000027,2011-06,279,monthly,426807,874453,582678,468013,306637,2011-06-01
Richmond upon Thames,http://landregistry.data.gov.uk/id/region/richmond-upon-thames,E09000027,2011-07,328,monthly,429591,873445,585764,471560,308943,2011-07-01
Richmond upon Thames,http://landregistry.data.gov.uk/id/region/richmond-upon-thames,E09000027,2011-08,334,monthly,434882,894041,597874,477933,310384,2011-08-01
Richmond upon Thames,http://landregistry.data.gov.uk/id/region/richmond-upon-thames,E09000027,2011-09,298,monthly,449384,934416,619930,494378,319192,2011-09-01
Richmond upon Thames,http://landregistry.data.gov.uk/id/region/richmond-upon-thames,E09000027,2011-10,269,monthly,448735,938849,621784,493145,317905,2011-10-01
Richmond upon Thames,http://landregistry.data.gov.uk/id/region/richmond-upon-thames,E09000027,2011-11,263,monthly,443367,929544,613535,485826,315076,2011-11-01
Richmond upon Thames,http://landregistry.data.gov.uk/id/region/richmond-upon-thames,E09000027,2011-12,269,monthly,437198,906280,602492,479484,311778,2011-12-01
Richmond upon Thames,http://landregistry.data.gov.uk/id/region/richmond-upon-thames,E09000027,2012-01,211,monthly,434898,896783,599289,478166,309705,2012-01-01
Richmond upon Thames,http://landregistry.data.gov.uk/id/region/richmond-upon-thames,E09000027,2012-02,197,monthly,442194,914616,611270,487022,313690,2012-02-01
Richmond upon Thames,http://landregistry.data.gov.uk/id/region/richmond-upon-thames,E09000027,2012-03,254,monthly,442765,919542,613552,486515,313989,2012-03-01
Richmond upon Thames,http://landregistry.data.gov.uk/id/region/richmond-upon-thames,E09000027,2012-04,222,monthly,445566,924465,615488,488850,316913,2012-04-01
Richmond upon Thames,http://landregistry.data.gov.uk/id/region/richmond-upon-thames,E09000027,2012-05,265,monthly,446787,917413,613283,491705,318466,2012-05-01
Richmond upon Thames,http://landregistry.data.gov.uk/id/region/richmond-upon-thames,E09000027,2012-06,299,monthly,457135,935637,626278,506229,324662,2012-06-01
Richmond upon Thames,http://landregistry.data.gov.uk/id/region/richmond-upon-thames,E09000027,2012-07,339,monthly,468670,962433,643107,519975,331913,2012-07-01
Richmond upon Thames,http://landregistry.data.gov.uk/id/region/richmond-upon-thames,E09000027,2012-08,346,monthly,470964,968036,647060,524916,332038,2012-08-01
Richmond upon Thames,http://landregistry.data.gov.uk/id/region/richmond-upon-thames,E09000027,2012-09,308,monthly,465848,962648,641443,518079,328396,2012-09-01
Richmond upon Thames,http://landregistry.data.gov.uk/id/region/richmond-upon-thames,E09000027,2012-10,258,monthly,456331,940346,627632,507926,321778,2012-10-01
Richmond upon Thames,http://landregistry.data.gov.uk/id/region/richmond-upon-thames,E09000027,2012-11,302,monthly,462003,953197,635375,513443,326142,2012-11-01
Richmond upon Thames,http://landregistry.data.gov.uk/id/region/richmond-upon-thames,E09000027,2012-12,271,monthly,466141,960170,640814,518788,328819,2012-12-01
Richmond upon Thames,http://landregistry.data.gov.uk/id/region/richmond-upon-thames,E09000027,2013-01,219,monthly,473974,983373,655732,526358,333537,2013-01-01
Richmond upon Thames,http://landregistry.data.gov.uk/id/region/richmond-upon-thames,E09000027,2013-02,199,monthly,474164,988722,658009,525059,333712,2013-02-01
