dataset/UKhousing/richmond-upon-thames.csv
"Name","URI","Region GSS code","Period","Sales volume","Reporting period","Average price All property types","Average price Detached houses","Average price Semi-detached houses","Average price Terraced houses","Average price Flats and maisonettes","Pivotable date"
Richmond upon Thames,http://landregistry.data.gov.uk/id/region/richmond-upon-thames,E09000027,2013-03,242,monthly,474810,991321,658604,525040,334596,2013-03-01
Richmond upon Thames,http://landregistry.data.gov.uk/id/region/richmond-upon-thames,E09000027,2013-04,244,monthly,481102,998810,662366,535423,338890,2013-04-01
Richmond upon Thames,http://landregistry.data.gov.uk/id/region/richmond-upon-thames,E09000027,2013-05,315,monthly,482861,999679,663759,537987,340244,2013-05-01
Richmond upon Thames,http://landregistry.data.gov.uk/id/region/richmond-upon-thames,E09000027,2013-06,278,monthly,489625,1012607,673970,546829,344209,2013-06-01
Richmond upon Thames,http://landregistry.data.gov.uk/id/region/richmond-upon-thames,E09000027,2013-07,369,monthly,491192,1014578,677339,548571,345090,2013-07-01
Richmond upon Thames,http://landregistry.data.gov.uk/id/region/richmond-upon-thames,E09000027,2013-08,404,monthly,504619,1041014,696186,565696,353483,2013-08-01
Richmond upon Thames,http://landregistry.data.gov.uk/id/region/richmond-upon-thames,E09000027,2013-09,298,monthly,509786,1056858,703786,570375,357230,2013-09-01
Richmond upon Thames,http://landregistry.data.gov.uk/id/region/richmond-upon-thames,E09000027,2013-10,365,monthly,512942,1063490,707824,573092,359909,2013-10-01
Richmond upon Thames,http://landregistry.data.gov.uk/id/region/richmond-upon-thames,E09000027,2013-11,370,monthly,506504,1047414,697567,565230,356212,2013-11-01
Richmond upon Thames,http://landregistry.data.gov.uk/id/region/richmond-upon-thames,E09000027,2013-12,318,monthly,503809,1033049,692602,562108,355195,2013-12-01
Richmond upon Thames,http://landregistry.data.gov.uk/id/region/richmond-upon-thames,E09000027,2014-01,296,monthly,512942,1056018,706362,570563,361940,2014-01-01
Richmond upon Thames,http://landregistry.data.gov.uk/id/region/richmond-upon-thames,E09000027,2014-02,256,monthly,516210,1069652,712241,571882,364623,2014-02-01
Richmond upon Thames,http://landregistry.data.gov.uk/id/region/richmond-upon-thames,E09000027,2014-03,268,monthly,534264,1109725,736669,592394,377016,2014-03-01
Richmond upon Thames,http://landregistry.data.gov.uk/id/region/richmond-upon-thames,E09000027,2014-04,280,monthly,554546,1151390,764183,615893,391002,2014-04-01
Richmond upon Thames,http://landregistry.data.gov.uk/id/region/richmond-upon-thames,E09000027,2014-05,294,monthly,574048,1185715,789700,639310,404563,2014-05-01
Richmond upon Thames,http://landregistry.data.gov.uk/id/region/richmond-upon-thames,E09000027,2014-06,271,monthly,586768,1208038,806187,655094,413228,2014-06-01
Richmond upon Thames,http://landregistry.data.gov.uk/id/region/richmond-upon-thames,E09000027,2014-07,345,monthly,598031,1227089,821621,669460,420598,2014-07-01
Richmond upon Thames,http://landregistry.data.gov.uk/id/region/richmond-upon-thames,E09000027,2014-08,358,monthly,607599,1249209,836222,680918,426592,2014-08-01
Richmond upon Thames,http://landregistry.data.gov.uk/id/region/richmond-upon-thames,E09000027,2014-09,277,monthly,615843,1272924,850802,687992,432332,2014-09-01
Richmond upon Thames,http://landregistry.data.gov.uk/id/region/richmond-upon-thames,E09000027,2014-10,312,monthly,610019,1263644,843100,678808,429194,2014-10-01
Richmond upon Thames,http://landregistry.data.gov.uk/id/region/richmond-upon-thames,E09000027,2014-11,232,monthly,609362,1263727,842014,676040,429577,2014-11-01
Richmond upon Thames,http://landregistry.data.gov.uk/id/region/richmond-upon-thames,E09000027,2014-12,277,monthly,605032,1252427,834438,670572,427247,2014-12-01
Richmond upon Thames,http://landregistry.data.gov.uk/id/region/richmond-upon-thames,E09000027,2015-01,206,monthly,593230,1226628,818432,658097,418663,2015-01-01
Richmond upon Thames,http://landregistry.data.gov.uk/id/region/richmond-upon-thames,E09000027,2015-02,225,monthly,591960,1223771,816678,656350,418010,2015-02-01
Richmond upon Thames,http://landregistry.data.gov.uk/id/region/richmond-upon-thames,E09000027,2015-03,196,monthly,593410,1224388,818036,659223,418759,2015-03-01
Richmond upon Thames,http://landregistry.data.gov.uk/id/region/richmond-upon-thames,E09000027,2015-04,240,monthly,605763,1253177,835057,672575,427499,2015-04-01
Richmond upon Thames,http://landregistry.data.gov.uk/id/region/richmond-upon-thames,E09000027,2015-05,236,monthly,603859,1244369,831467,671078,426310,2015-05-01
Richmond upon Thames,http://landregistry.data.gov.uk/id/region/richmond-upon-thames,E09000027,2015-06,287,monthly,607109,1253338,837605,676058,427372,2015-06-01
Richmond upon Thames,http://landregistry.data.gov.uk/id/region/richmond-upon-thames,E09000027,2015-07,351,monthly,614134,1262543,847100,685155,431967,2015-07-01
Richmond upon Thames,http://landregistry.data.gov.uk/id/region/richmond-upon-thames,E09000027,2015-08,314,monthly,632845,1302258,873530,707460,444151,2015-08-01
Richmond upon Thames,http://landregistry.data.gov.uk/id/region/richmond-upon-thames,E09000027,2015-09,326,monthly,643019,1330685,888707,716448,451901,2015-09-01
Richmond upon Thames,http://landregistry.data.gov.uk/id/region/richmond-upon-thames,E09000027,2015-10,331,monthly,654907,1359760,906614,728823,460143,2015-10-01
Richmond upon Thames,http://landregistry.data.gov.uk/id/region/richmond-upon-thames,E09000027,2015-11,273,monthly,644455,1341873,893677,715931,452915,2015-11-01
Richmond upon Thames,http://landregistry.data.gov.uk/id/region/richmond-upon-thames,E09000027,2015-12,273,monthly,640645,1329955,887962,712542,450098,2015-12-01
Richmond upon Thames,http://landregistry.data.gov.uk/id/region/richmond-upon-thames,E09000027,2016-01,268,monthly,643448,1333537,893573,715252,452017,2016-01-01
Richmond upon Thames,http://landregistry.data.gov.uk/id/region/richmond-upon-thames,E09000027,2016-02,199,monthly,653025,1357896,908127,725472,458446,2016-02-01
Richmond upon Thames,http://landregistry.data.gov.uk/id/region/richmond-upon-thames,E09000027,2016-03,499,monthly,662897,1383332,922373,735767,465354,2016-03-01
Richmond upon Thames,http://landregistry.data.gov.uk/id/region/richmond-upon-thames,E09000027,2016-04,182,monthly,647205,1346956,895268,719733,454997,2016-04-01
Richmond upon Thames,http://landregistry.data.gov.uk/id/region/richmond-upon-thames,E09000027,2016-05,182,monthly,654692,1345888,899539,728639,462259,2016-05-01
Richmond upon Thames,http://landregistry.data.gov.uk/id/region/richmond-upon-thames,E09000027,2016-06,218,monthly,654186,1335735,894870,727994,463352,2016-06-01
Richmond upon Thames,http://landregistry.data.gov.uk/id/region/richmond-upon-thames,E09000027,2016-07,241,monthly,677067,1381463,927516,753568,479244,2016-07-01
Richmond upon Thames,http://landregistry.data.gov.uk/id/region/richmond-upon-thames,E09000027,2016-08,242,monthly,670081,1372025,919098,745714,473805,2016-08-01
Richmond upon Thames,http://landregistry.data.gov.uk/id/region/richmond-upon-thames,E09000027,2016-09,248,monthly,666263,1361537,915321,741886,470687,2016-09-01
Richmond upon Thames,http://landregistry.data.gov.uk/id/region/richmond-upon-thames,E09000027,2016-10,196,monthly,639088,1308835,878793,708205,452997,2016-10-01
Richmond upon Thames,http://landregistry.data.gov.uk/id/region/richmond-upon-thames,E09000027,2016-11,220,monthly,639469,1314399,879426,707511,453580,2016-11-01
Richmond upon Thames,http://landregistry.data.gov.uk/id/region/richmond-upon-thames,E09000027,2016-12,224,monthly,637708,1313351,875330,704168,453334,2016-12-01
Richmond upon Thames,http://landregistry.data.gov.uk/id/region/richmond-upon-thames,E09000027,2017-01,201,monthly,655125,1348484,897786,725033,465202,2017-01-01
Richmond upon Thames,http://landregistry.data.gov.uk/id/region/richmond-upon-thames,E09000027,2017-02,187,monthly,654376,1343557,894498,721578,466564,2017-02-01
Richmond upon Thames,http://landregistry.data.gov.uk/id/region/richmond-upon-thames,E09000027,2017-03,280,monthly,661515,1357880,903396,729333,471842,2017-03-01
Richmond upon Thames,http://landregistry.data.gov.uk/id/region/richmond-upon-thames,E09000027,2017-04,199,monthly,663701,1364916,904993,730188,474300,2017-04-01
Richmond upon Thames,http://landregistry.data.gov.uk/id/region/richmond-upon-thames,E09000027,2017-05,238,monthly,671201,1375740,915430,738551,479808,2017-05-01
Richmond upon Thames,http://landregistry.data.gov.uk/id/region/richmond-upon-thames,E09000027,2017-06,219,monthly,674209,1373745,917528,742422,482561,2017-06-01
Richmond upon Thames,http://landregistry.data.gov.uk/id/region/richmond-upon-thames,E09000027,2017-07,268,monthly,674638,1366854,918417,742764,483280,2017-07-01
Richmond upon Thames,http://landregistry.data.gov.uk/id/region/richmond-upon-thames,E09000027,2017-08,262,monthly,682854,1386900,931645,754486,487262,2017-08-01
Richmond upon Thames,http://landregistry.data.gov.uk/id/region/richmond-upon-thames,E09000027,2017-09,216,monthly,674672,1378518,924826,744815,480350,2017-09-01
Richmond upon Thames,http://landregistry.data.gov.uk/id/region/richmond-upon-thames,E09000027,2017-10,250,monthly,669034,1374002,919638,739164,475150,2017-10-01
Richmond upon Thames,http://landregistry.data.gov.uk/id/region/richmond-upon-thames,E09000027,2017-11,218,monthly,651931,1337707,896426,719546,463345,2017-11-01
Richmond upon Thames,http://landregistry.data.gov.uk/id/region/richmond-upon-thames,E09000027,2017-12,222,monthly,650160,1333773,893845,718253,461820,2017-12-01
Richmond upon Thames,http://landregistry.data.gov.uk/id/region/richmond-upon-thames,E09000027,2018-01,181,monthly,639200,1307645,878390,706026,454366,2018-01-01
Richmond upon Thames,http://landregistry.data.gov.uk/id/region/richmond-upon-thames,E09000027,2018-02,171,monthly,636391,1306954,876017,703062,451738,2018-02-01
Richmond upon Thames,http://landregistry.data.gov.uk/id/region/richmond-upon-thames,E09000027,2018-03,211,monthly,639450,1309823,880597,707831,453330,2018-03-01
Richmond upon Thames,http://landregistry.data.gov.uk/id/region/richmond-upon-thames,E09000027,2018-04,199,monthly,649078,1331221,895422,720426,458741,2018-04-01
Richmond upon Thames,http://landregistry.data.gov.uk/id/region/richmond-upon-thames,E09000027,2018-05,193,monthly,656497,1344737,906747,731472,462419,2018-05-01
Richmond upon Thames,http://landregistry.data.gov.uk/id/region/richmond-upon-thames,E09000027,2018-06,220,monthly,651404,1340288,903245,724110,458525,2018-06-01
Richmond upon Thames,http://landregistry.data.gov.uk/id/region/richmond-upon-thames,E09000027,2018-07,257,monthly,662605,1370976,920247,736716,465643,2018-07-01
Richmond upon Thames,http://landregistry.data.gov.uk/id/region/richmond-upon-thames,E09000027,2018-08,309,monthly,667088,1385996,928100,740334,468808,2018-08-01
Richmond upon Thames,http://landregistry.data.gov.uk/id/region/richmond-upon-thames,E09000027,2018-09,229,monthly,677357,1407748,941555,755064,474590,2018-09-01
Richmond upon Thames,http://landregistry.data.gov.uk/id/region/richmond-upon-thames,E09000027,2018-10,224,monthly,656809,1365769,913026,731634,460410,2018-10-01
Richmond upon Thames,http://landregistry.data.gov.uk/id/region/richmond-upon-thames,E09000027,2018-11,249,monthly,647996,1353941,901981,722619,453272,2018-11-01
Richmond upon Thames,http://landregistry.data.gov.uk/id/region/richmond-upon-thames,E09000027,2018-12,189,monthly,643414,1345569,897118,713166,451760,2018-12-01
Richmond upon Thames,http://landregistry.data.gov.uk/id/region/richmond-upon-thames,E09000027,2019-01,162,monthly,655056,1370268,913848,726338,459668,2019-01-01
Richmond upon Thames,http://landregistry.data.gov.uk/id/region/richmond-upon-thames,E09000027,2019-02,165,monthly,656018,1369246,914868,725505,461488,2019-02-01
Richmond upon Thames,http://landregistry.data.gov.uk/id/region/richmond-upon-thames,E09000027,2019-03,188,monthly,646356,1346903,901209,717570,453518,2019-03-01
Richmond upon Thames,http://landregistry.data.gov.uk/id/region/richmond-upon-thames,E09000027,2019-04,170,monthly,638921,1328746,889666,711272,447747,2019-04-01
Richmond upon Thames,http://landregistry.data.gov.uk/id/region/richmond-upon-thames,E09000027,2019-05,207,monthly,635649,1315072,884904,711461,443952,2019-05-01
Richmond upon Thames,http://landregistry.data.gov.uk/id/region/richmond-upon-thames,E09000027,2019-06,194,monthly,650776,1343759,906289,729242,454153,2019-06-01
Richmond upon Thames,http://landregistry.data.gov.uk/id/region/richmond-upon-thames,E09000027,2019-07,251,monthly,654927,1348110,913247,733630,457117,2019-07-01
Richmond upon Thames,http://landregistry.data.gov.uk/id/region/richmond-upon-thames,E09000027,2019-08,273,monthly,656014,1352488,916825,735616,456909,2019-08-01
Richmond upon Thames,http://landregistry.data.gov.uk/id/region/richmond-upon-thames,E09000027,2019-09,225,monthly,646808,1337714,903189,725951,450139,2019-09-01
Richmond upon Thames,http://landregistry.data.gov.uk/id/region/richmond-upon-thames,E09000027,2019-10,231,monthly,643367,1338609,902423,720590,447132,2019-10-01
Richmond upon Thames,http://landregistry.data.gov.uk/id/region/richmond-upon-thames,E09000027,2019-11,259,monthly,648044,1352123,909414,725992,450014,2019-11-01
Richmond upon Thames,http://landregistry.data.gov.uk/id/region/richmond-upon-thames,E09000027,2019-12,216,monthly,651835,1364404,915983,730097,452199,2019-12-01
Richmond upon Thames,http://landregistry.data.gov.uk/id/region/richmond-upon-thames,E09000027,2020-01,208,monthly,658772,1376518,925078,739331,456563,2020-01-01
Richmond upon Thames,http://landregistry.data.gov.uk/id/region/richmond-upon-thames,E09000027,2020-02,203,monthly,656740,1381624,923735,735058,455143,2020-02-01
Richmond upon Thames,http://landregistry.data.gov.uk/id/region/richmond-upon-thames,E09000027,2020-03,190,monthly,658817,1390930,929261,735836,456519,2020-03-01
Richmond upon Thames,http://landregistry.data.gov.uk/id/region/richmond-upon-thames,E09000027,2020-04,91,monthly,671578,1430913,948686,753130,462379,2020-04-01
Richmond upon Thames,http://landregistry.data.gov.uk/id/region/richmond-upon-thames,E09000027,2020-05,86,monthly,689191,1467626,973749,772343,474822,2020-05-01
Richmond upon Thames,http://landregistry.data.gov.uk/id/region/richmond-upon-thames,E09000027,2020-06,119,monthly,699684,1478868,987715,787915,480773,2020-06-01
Richmond upon Thames,http://landregistry.data.gov.uk/id/region/richmond-upon-thames,E09000027,2020-07,217,monthly,690279,1446587,972196,776744,476039,2020-07-01
Richmond upon Thames,http://landregistry.data.gov.uk/id/region/richmond-upon-thames,E09000027,2020-08,203,monthly,689620,1445058,973434,779994,472699,2020-08-01
Richmond upon Thames,http://landregistry.data.gov.uk/id/region/richmond-upon-thames,E09000027,2020-09,227,monthly,689779,1456049,976759,780623,471022,2020-09-01
Richmond upon Thames,http://landregistry.data.gov.uk/id/region/richmond-upon-thames,E09000027,2020-10,268,monthly,689597,1458044,977230,783005,469064,2020-10-01
Richmond upon Thames,http://landregistry.data.gov.uk/id/region/richmond-upon-thames,E09000027,2020-11,274,monthly,691212,1458036,977408,785612,470505,2020-11-01
Richmond upon Thames,http://landregistry.data.gov.uk/id/region/richmond-upon-thames,E09000027,2020-12,297,monthly,689072,1453889,974007,783690,468836,2020-12-01
Richmond upon Thames,http://landregistry.data.gov.uk/id/region/richmond-upon-thames,E09000027,2021-01,256,monthly,689867,1459932,976474,784507,468789,2021-01-01
Richmond upon Thames,http://landregistry.data.gov.uk/id/region/richmond-upon-thames,E09000027,2021-02,305,monthly,675965,1439164,959337,767375,458796,2021-02-01
Richmond upon Thames,http://landregistry.data.gov.uk/id/region/richmond-upon-thames,E09000027,2021-03,481,monthly,679886,1451724,966746,772645,460231,2021-03-01
Richmond upon Thames,http://landregistry.data.gov.uk/id/region/richmond-upon-thames,E09000027,2021-04,238,monthly,686807,1475044,977729,778617,465053,2021-04-01
Richmond upon Thames,http://landregistry.data.gov.uk/id/region/richmond-upon-thames,E09000027,2021-05,186,monthly,695983,1498591,991726,789711,470411,2021-05-01
Richmond upon Thames,http://landregistry.data.gov.uk/id/region/richmond-upon-thames,E09000027,2021-06,671,monthly,695944,1501685,992222,790462,469618,2021-06-01
Richmond upon Thames,http://landregistry.data.gov.uk/id/region/richmond-upon-thames,E09000027,2021-07,51,monthly,727230,1574005,1036334,829784,488548,2021-07-01
Richmond upon Thames,http://landregistry.data.gov.uk/id/region/richmond-upon-thames,E09000027,2021-08,116,monthly,752716,1639641,1078594,861617,502109,2021-08-01
Richmond upon Thames,http://landregistry.data.gov.uk/id/region/richmond-upon-thames,E09000027,2021-09,134,monthly,751379,1644807,1079592,860734,499631,2021-09-01
Richmond upon Thames,http://landregistry.data.gov.uk/id/region/richmond-upon-thames,E09000027,2021-10,,monthly,762570,1674003,1102058,874692,504618,2021-10-01
Richmond upon Thames,http://landregistry.data.gov.uk/id/region/richmond-upon-thames,E09000027,2021-11,,monthly,758967,1661215,1097066,871290,502121,2021-11-01
